=== TercenStreamGenerator Test ===

Configuration:
  URI: http://127.0.0.1:50051
  Token: eyJ0eXAiOi...
  Workflow ID: 2076952ae523bb4d472e283b9e0022a4
  Step ID: b9659735-27db-4480-b398-4e391431480f
  Chunk size: 10000

Connecting to Tercen...
✓ Connected successfully

Fetching CubeQuery from workflow step...
  Getting workflow...
  Calling WorkflowService.get()...
